../Core/Src/main.c:159:5:main	8	static
../Core/Src/main.c:218:6:SystemClock_Config	88	static
../Core/Src/main.c:264:13:MX_ADC1_Init	24	static
../Core/Src/main.c:316:13:MX_CAN1_Init	56	static
../Core/Src/main.c:370:13:MX_CAN2_Init	56	static
../Core/Src/main.c:424:13:MX_TIM3_Init	32	static
../Core/Src/main.c:469:13:MX_USART1_UART_Init	8	static
../Core/Src/main.c:502:13:MX_GPIO_Init	48	static
../Core/Src/main.c:554:6:store_joystick_value	16	static
../Core/Src/main.c:557:9:get_PCI	16	static
../Core/Src/main.c:560:9:get_size	16	static
../Core/Src/main.c:563:9:get_SID	16	static
../Core/Src/main.c:566:10:get_DID	24	static
../Core/Src/main.c:572:9:get_sub_function	16	static
../Core/Src/main.c:575:9:generate_seed	8	static
../Core/Src/main.c:578:9:cal_key	16	static
../Core/Src/main.c:581:9:is_accept_key	32	static
../Core/Src/main.c:587:9:get_NRC	16	static
../Core/Src/main.c:590:6:ReadDataByIdentifierRequestFrame	16	static
../Core/Src/main.c:596:6:ReadDataByIdentifierResponseFrame	16	static
../Core/Src/main.c:603:6:WriteDataByIdentifierRequestFrame	16	static
../Core/Src/main.c:610:6:WriteDataByIdentifierResponseFrame	16	static
../Core/Src/main.c:616:6:securityAccessServiceSeedRequestFrame	16	static
../Core/Src/main.c:621:6:securityAccessServiceSeedResponseFrame	24	static
../Core/Src/main.c:636:6:securityAccessSendKeyRequestFrame	24	static
../Core/Src/main.c:646:6:securityAccessSendKeyResponseFrame	16	static
../Core/Src/main.c:653:6:SecurityAccessNegativeResponseMessage	16	static
../Core/Src/main.c:669:6:HandleSID22	16	static
../Core/Src/main.c:683:6:HandleSID27	16	static
../Core/Src/main.c:707:6:HandleSID2E	16	static
../Core/Src/main.c:719:6:HandleSID67	16	static
../Core/Src/main.c:736:6:HandleSID62	16	static
../Core/Src/main.c:743:6:HandleSID6E	16	static
../Core/Src/main.c:750:6:HandleSID7F	16	static
../Core/Src/main.c:765:6:Service22	8	static
../Core/Src/main.c:769:6:Service27	8	static
../Core/Src/main.c:773:6:Service2E	16	static
../Core/Src/main.c:777:6:CheckAndHandleService22	8	static
../Core/Src/main.c:783:6:CheckAndHandleService27	8	static
../Core/Src/main.c:789:6:CheckAndHandleService2E	8	static
../Core/Src/main.c:803:6:CheckAndHandleTesterCANFIFO0	16	static
../Core/Src/main.c:816:6:CheckAndHandleECUCANFIFO1	16	static
../Core/Src/main.c:858:6:CheckOverTime	8	static
../Core/Src/main.c:868:6:HAL_GPIO_EXTI_Callback	16	static
../Core/Src/main.c:901:6:HAL_CAN_RxFifo0MsgPendingCallback	16	static
../Core/Src/main.c:907:6:HAL_CAN_RxFifo1MsgPendingCallback	16	static
../Core/Src/main.c:915:6:HAL_TIM_PeriodElapsedCallback	16	static
../Core/Src/main.c:928:1:__io_putchar	16	static
../Core/Src/main.c:941:6:Error_Handler	4	static,ignoring_inline_asm
